task: [build] docker build . -t tripsphere/trip-itinerary-planner:latest
#0 building with "default" instance using docker driver

#1 [internal] load build definition from Dockerfile
#1 transferring dockerfile: 2.55kB done
#1 DONE 0.0s

#2 [internal] load metadata for ghcr.io/astral-sh/uv:python3.12-bookworm-slim
#2 ...

#3 [internal] load metadata for docker.io/library/python:3.12-slim-bookworm
#3 DONE 0.3s

#2 [internal] load metadata for ghcr.io/astral-sh/uv:python3.12-bookworm-slim
#2 DONE 7.2s

#4 [internal] load .dockerignore
#4 transferring context: 687B done
#4 DONE 0.0s

#5 [builder 1/8] FROM ghcr.io/astral-sh/uv:python3.12-bookworm-slim@sha256:e5b65587bce7de595f299855d7385fe7fca39b8a74baa261ba1b7147afa78e58
#5 DONE 0.0s

#6 [stage-1 1/4] FROM docker.io/library/python:3.12-slim-bookworm@sha256:0f5b26b9518d002b6173fd61daad821fa340635ebfec5bba471013f9ca114579
#6 resolve docker.io/library/python:3.12-slim-bookworm@sha256:0f5b26b9518d002b6173fd61daad821fa340635ebfec5bba471013f9ca114579 0.0s done
#6 DONE 0.0s

#7 [internal] load build context
#7 transferring context: 14.52kB 0.0s done
#7 DONE 0.0s

#8 [builder 5/8] COPY pyproject.toml uv.lock README.md ./
#8 CACHED

#9 [builder 2/8] WORKDIR /app
#9 CACHED

#10 [builder 6/8] COPY src ./src
#10 CACHED

#11 [builder 3/8] COPY libs ./libs
#11 CACHED

#12 [builder 4/8] RUN --mount=type=cache,target=/root/.cache/uv     --mount=type=bind,source=uv.lock,target=uv.lock     --mount=type=bind,source=pyproject.toml,target=pyproject.toml     uv sync --locked --no-install-project --no-dev
#12 CACHED

#13 [builder 7/8] RUN --mount=type=cache,target=/root/.cache/uv     uv sync --locked --no-dev
#13 CACHED

#14 [builder 8/8] RUN --mount=type=cache,target=/root/.cache/uv     uv run --locked --no-dev opentelemetry-bootstrap -a requirements     | uv pip install --requirements -
#14 CACHED

#15 [stage-1 2/4] RUN groupadd --system --gid 999 nonroot  && useradd --system --gid 999 --uid 999 --create-home nonroot
#15 CACHED

#16 [stage-1 3/4] COPY --from=builder --chown=nonroot:nonroot /app /app
#16 CACHED

#17 [stage-1 4/4] WORKDIR /app
#17 CACHED

#18 exporting to image
#18 exporting layers done
#18 writing image sha256:3e5a86575ffc34385206012039f421421947e3f5bcc6a643b27e1807aac6a914 done
#18 naming to docker.io/tripsphere/trip-itinerary-planner:latest done
#18 DONE 0.0s
