task: [build] docker build . -t tripsphere/trip-next-frontend:latest
#0 building with "default" instance using docker driver

#1 [internal] load build definition from Dockerfile
#1 transferring dockerfile: 2.51kB done
#1 DONE 0.0s

#2 [internal] load metadata for docker.io/oven/bun:1
#2 DONE 2.2s

#3 [internal] load .dockerignore
#3 transferring context: 2.04kB done
#3 DONE 0.0s

#4 [dependencies 1/4] FROM docker.io/oven/bun:1@sha256:5ff609364c049b54eb0ff560ec96319729a972078ef2c755d758f0c6ef89c2d6
#4 DONE 0.0s

#5 [internal] load build context
#5 transferring context: 11.40kB 0.0s done
#5 DONE 0.0s

#6 [builder 5/5] RUN bun run build
#6 CACHED

#7 [builder 4/5] COPY . .
#7 CACHED

#8 [dependencies 2/4] WORKDIR /app
#8 CACHED

#9 [runner 6/7] COPY --from=builder --chown=bun:bun /app/package.json ./package.json
#9 CACHED

#10 [dependencies 3/4] COPY package.json bun.lock* ./
#10 CACHED

#11 [dependencies 4/4] RUN --mount=type=cache,target=/root/.bun/install/cache     bun install --no-save --frozen-lockfile
#11 CACHED

#12 [runner 4/7] COPY --from=builder --chown=bun:bun /app/.next ./.next
#12 CACHED

#13 [runner 3/7] COPY --from=builder --chown=bun:bun /app/public ./public
#13 CACHED

#14 [builder 3/5] COPY --from=dependencies /app/node_modules ./node_modules
#14 CACHED

#15 [runner 5/7] COPY --from=dependencies --chown=bun:bun /app/node_modules ./node_modules
#15 CACHED

#16 [runner 7/7] RUN chown -R bun:bun .next
#16 CACHED

#17 exporting to image
#17 exporting layers done
#17 writing image sha256:a8e6e803b7edc90f1eb33a18c001055d7beb4ec003ed7c58192dc18b5731e1c2 done
#17 naming to docker.io/tripsphere/trip-next-frontend:latest done
#17 DONE 0.0s
